{
    "sources": [
        "examples/source_root/in.ts"
    ],
    "sourceRoot": "https://my-website.com/debug/source/"
}
